( (test.mlg/'r_5, test.mlg/'y_4 -> test.mlg/'r_5)
, [(test.mlg/x_0, test.mlg/'r_5), (test.mlg/y_1, test.mlg/'y_4)] )