120
└── [120]  log
    ├── [120]  call
    │   ├── mul.0@<fn>
    │   ├── 5
    │   └── [24]  log
    │       ├── [24]  call
    │       │   ├── mul.0@<fn>
    │       │   ├── [4]  call
    │       │   │   ├── sub.1@<fn>
    │       │   │   ├── 5
    │       │   │   └── 1
    │       │   └── [6]  log
    │       │       ├── [6]  call
    │       │       │   ├── mul.0@<fn>
    │       │       │   ├── [3]  call
    │       │       │   │   ├── sub.1@<fn>
    │       │       │   │   ├── [4]  call
    │       │       │   │   │   ├── sub.1@<fn>
    │       │       │   │   │   ├── 5
    │       │       │   │   │   └── 1
    │       │       │   │   └── 1
    │       │       │   └── [2]  log
    │       │       │       ├── [2]  call
    │       │       │       │   ├── mul.0@<fn>
    │       │       │       │   ├── [2]  call
    │       │       │       │   │   ├── sub.1@<fn>
    │       │       │       │   │   ├── [3]  call
    │       │       │       │   │   │   ├── sub.1@<fn>
    │       │       │       │   │   │   ├── [4]  call
    │       │       │       │   │   │   │   ├── sub.1@<fn>
    │       │       │       │   │   │   │   ├── 5
    │       │       │       │   │   │   │   └── 1
    │       │       │       │   │   │   └── 1
    │       │       │       │   │   └── 1
    │       │       │       │   └── [1]  log
    │       │       │       │       ├── [1]  call
    │       │       │       │       │   ├── mul.0@<fn>
    │       │       │       │       │   ├── [1]  call
    │       │       │       │       │   │   ├── sub.1@<fn>
    │       │       │       │       │   │   ├── [2]  call
    │       │       │       │       │   │   │   ├── sub.1@<fn>
    │       │       │       │       │   │   │   ├── [3]  call
    │       │       │       │       │   │   │   │   ├── sub.1@<fn>
    │       │       │       │       │   │   │   │   ├── [4]  call
    │       │       │       │       │   │   │   │   │   ├── sub.1@<fn>
    │       │       │       │       │   │   │   │   │   ├── 5
    │       │       │       │       │   │   │   │   │   └── 1
    │       │       │       │       │   │   │   │   └── 1
    │       │       │       │       │   │   │   └── 1
    │       │       │       │       │   │   └── 1
    │       │       │       │       │   └── [1]  call
    │       │       │       │       │       ├── fact.2@<fn>
    │       │       │       │       │       └── [0]  call
    │       │       │       │       │           ├── sub.1@<fn>
    │       │       │       │       │           ├── [1]  call
    │       │       │       │       │           │   ├── sub.1@<fn>
    │       │       │       │       │           │   ├── [2]  call
    │       │       │       │       │           │   │   ├── sub.1@<fn>
    │       │       │       │       │           │   │   ├── [3]  call
    │       │       │       │       │           │   │   │   ├── sub.1@<fn>
    │       │       │       │       │           │   │   │   ├── [4]  call
    │       │       │       │       │           │   │   │   │   ├── sub.1@<fn>
    │       │       │       │       │           │   │   │   │   ├── 5
    │       │       │       │       │           │   │   │   │   └── 1
    │       │       │       │       │           │   │   │   └── 1
    │       │       │       │       │           │   │   └── 1
    │       │       │       │       │           │   └── 1
    │       │       │       │       │           └── 1
    │       │       │       │       └── [1]  call
    │       │       │       │           ├── fact.2@<fn>
    │       │       │       │           └── [1]  call
    │       │       │       │               ├── sub.1@<fn>
    │       │       │       │               ├── [2]  call
    │       │       │       │               │   ├── sub.1@<fn>
    │       │       │       │               │   ├── [3]  call
    │       │       │       │               │   │   ├── sub.1@<fn>
    │       │       │       │               │   │   ├── [4]  call
    │       │       │       │               │   │   │   ├── sub.1@<fn>
    │       │       │       │               │   │   │   ├── 5
    │       │       │       │               │   │   │   └── 1
    │       │       │       │               │   │   └── 1
    │       │       │       │               │   └── 1
    │       │       │       │               └── 1
    │       │       │       └── [2]  call
    │       │       │           ├── fact.2@<fn>
    │       │       │           └── [2]  call
    │       │       │               ├── sub.1@<fn>
    │       │       │               ├── [3]  call
    │       │       │               │   ├── sub.1@<fn>
    │       │       │               │   ├── [4]  call
    │       │       │               │   │   ├── sub.1@<fn>
    │       │       │               │   │   ├── 5
    │       │       │               │   │   └── 1
    │       │       │               │   └── 1
    │       │       │               └── 1
    │       │       └── [6]  call
    │       │           ├── fact.2@<fn>
    │       │           └── [3]  call
    │       │               ├── sub.1@<fn>
    │       │               ├── [4]  call
    │       │               │   ├── sub.1@<fn>
    │       │               │   ├── 5
    │       │               │   └── 1
    │       │               └── 1
    │       └── [24]  call
    │           ├── fact.2@<fn>
    │           └── [4]  call
    │               ├── sub.1@<fn>
    │               ├── 5
    │               └── 1
    └── [120]  call
        ├── fact.2@<fn>
        └── 5

result => []
