result => Cons({children: <thunk>, node: <thunk>}, Cons({children: <thunk>, node: <thunk>}, Nil))
