Codata (Clause {pattern = PApp PThis (PVar "x" :| []), body = Var "x"} :| [])