(def print (codata (clause (call (call # (var x)) (var k)) (seq (prim print (var x)) (call (var k))))))
(def main (codata (clause (call #) (seq (prim print_trace (call (call (var print) (literal 0)) (codata (clause (call #) (seq (with _ (call (var print) (literal 1))) (literal 0))))))))))
