DEF "def" testdata/fib_shift.mlg:2:1
IDENT "zipWith" testdata/fib_shift.mlg:2:5
LEFTBRACE "{" testdata/fib_shift.mlg:2:13
SHARP "#" testdata/fib_shift.mlg:3:3
LEFTPAREN "(" testdata/fib_shift.mlg:3:4
IDENT "f" testdata/fib_shift.mlg:3:5
COMMA "," testdata/fib_shift.mlg:3:6
IDENT "xs" testdata/fib_shift.mlg:3:8
COMMA "," testdata/fib_shift.mlg:3:10
IDENT "ys" testdata/fib_shift.mlg:3:12
RIGHTPAREN ")" testdata/fib_shift.mlg:3:14
DOT "." testdata/fib_shift.mlg:3:15
IDENT "head" testdata/fib_shift.mlg:3:16
ARROW "->" testdata/fib_shift.mlg:3:21
IDENT "f" testdata/fib_shift.mlg:3:24
LEFTPAREN "(" testdata/fib_shift.mlg:3:25
IDENT "xs" testdata/fib_shift.mlg:3:26
DOT "." testdata/fib_shift.mlg:3:28
IDENT "head" testdata/fib_shift.mlg:3:29
COMMA "," testdata/fib_shift.mlg:3:33
IDENT "ys" testdata/fib_shift.mlg:3:35
DOT "." testdata/fib_shift.mlg:3:37
IDENT "head" testdata/fib_shift.mlg:3:38
RIGHTPAREN ")" testdata/fib_shift.mlg:3:42
COMMA "," testdata/fib_shift.mlg:3:43
SHARP "#" testdata/fib_shift.mlg:4:3
LEFTPAREN "(" testdata/fib_shift.mlg:4:4
IDENT "f" testdata/fib_shift.mlg:4:5
COMMA "," testdata/fib_shift.mlg:4:6
IDENT "xs" testdata/fib_shift.mlg:4:8
COMMA "," testdata/fib_shift.mlg:4:10
IDENT "ys" testdata/fib_shift.mlg:4:12
RIGHTPAREN ")" testdata/fib_shift.mlg:4:14
DOT "." testdata/fib_shift.mlg:4:15
IDENT "tail" testdata/fib_shift.mlg:4:16
ARROW "->" testdata/fib_shift.mlg:4:21
IDENT "zipWith" testdata/fib_shift.mlg:4:24
LEFTPAREN "(" testdata/fib_shift.mlg:4:31
IDENT "f" testdata/fib_shift.mlg:4:32
COMMA "," testdata/fib_shift.mlg:4:33
IDENT "xs" testdata/fib_shift.mlg:4:35
DOT "." testdata/fib_shift.mlg:4:37
IDENT "tail" testdata/fib_shift.mlg:4:38
COMMA "," testdata/fib_shift.mlg:4:42
IDENT "ys" testdata/fib_shift.mlg:4:44
DOT "." testdata/fib_shift.mlg:4:46
IDENT "tail" testdata/fib_shift.mlg:4:47
RIGHTPAREN ")" testdata/fib_shift.mlg:4:51
COMMA "," testdata/fib_shift.mlg:4:52
RIGHTBRACE "}" testdata/fib_shift.mlg:5:1
DEF "def" testdata/fib_shift.mlg:8:1
OPERATOR "+" testdata/fib_shift.mlg:8:5
LEFTBRACE "{" testdata/fib_shift.mlg:8:7
SHARP "#" testdata/fib_shift.mlg:8:9
LEFTPAREN "(" testdata/fib_shift.mlg:8:10
IDENT "x" testdata/fib_shift.mlg:8:11
COMMA "," testdata/fib_shift.mlg:8:12
IDENT "y" testdata/fib_shift.mlg:8:14
COMMA "," testdata/fib_shift.mlg:8:15
RIGHTPAREN ")" testdata/fib_shift.mlg:8:16
ARROW "->" testdata/fib_shift.mlg:8:18
PRIM "prim" testdata/fib_shift.mlg:8:21
LEFTPAREN "(" testdata/fib_shift.mlg:8:25
IDENT "add" testdata/fib_shift.mlg:8:26
COMMA "," testdata/fib_shift.mlg:8:29
IDENT "x" testdata/fib_shift.mlg:8:31
COMMA "," testdata/fib_shift.mlg:8:32
IDENT "y" testdata/fib_shift.mlg:8:34
RIGHTPAREN ")" testdata/fib_shift.mlg:8:35
RIGHTBRACE "}" testdata/fib_shift.mlg:8:93
DEF "def" testdata/fib_shift.mlg:10:1
IDENT "fib" testdata/fib_shift.mlg:10:5
LEFTBRACE "{" testdata/fib_shift.mlg:10:9
SHARP "#" testdata/fib_shift.mlg:11:3
DOT "." testdata/fib_shift.mlg:11:4
IDENT "head" testdata/fib_shift.mlg:11:5
ARROW "->" testdata/fib_shift.mlg:11:10
INTEGER "1" testdata/fib_shift.mlg:11:13
COMMA "," testdata/fib_shift.mlg:11:14
SHARP "#" testdata/fib_shift.mlg:12:3
DOT "." testdata/fib_shift.mlg:12:4
IDENT "tail" testdata/fib_shift.mlg:12:5
DOT "." testdata/fib_shift.mlg:12:9
IDENT "head" testdata/fib_shift.mlg:12:10
ARROW "->" testdata/fib_shift.mlg:12:15
INTEGER "1" testdata/fib_shift.mlg:12:18
COMMA "," testdata/fib_shift.mlg:12:19
SHARP "#" testdata/fib_shift.mlg:13:3
DOT "." testdata/fib_shift.mlg:13:4
IDENT "tail" testdata/fib_shift.mlg:13:5
DOT "." testdata/fib_shift.mlg:13:9
IDENT "tail" testdata/fib_shift.mlg:13:10
ARROW "->" testdata/fib_shift.mlg:13:15
IDENT "zipWith" testdata/fib_shift.mlg:13:18
LEFTPAREN "(" testdata/fib_shift.mlg:13:25
LEFTBRACE "{" testdata/fib_shift.mlg:13:26
SHARP "#" testdata/fib_shift.mlg:13:27
LEFTPAREN "(" testdata/fib_shift.mlg:13:28
IDENT "x" testdata/fib_shift.mlg:13:29
COMMA "," testdata/fib_shift.mlg:13:30
IDENT "y" testdata/fib_shift.mlg:13:32
RIGHTPAREN ")" testdata/fib_shift.mlg:13:33
ARROW "->" testdata/fib_shift.mlg:13:35
IDENT "x" testdata/fib_shift.mlg:13:38
OPERATOR "+" testdata/fib_shift.mlg:13:40
IDENT "y" testdata/fib_shift.mlg:13:42
RIGHTBRACE "}" testdata/fib_shift.mlg:13:43
COMMA "," testdata/fib_shift.mlg:13:44
IDENT "fib" testdata/fib_shift.mlg:13:46
COMMA "," testdata/fib_shift.mlg:13:49
IDENT "fib" testdata/fib_shift.mlg:13:51
DOT "." testdata/fib_shift.mlg:13:54
IDENT "tail" testdata/fib_shift.mlg:13:55
RIGHTPAREN ")" testdata/fib_shift.mlg:13:59
COMMA "," testdata/fib_shift.mlg:13:60
RIGHTBRACE "}" testdata/fib_shift.mlg:14:1
DEF "def" testdata/fib_shift.mlg:18:1
IDENT "shift" testdata/fib_shift.mlg:18:5
LEFTBRACE "{" testdata/fib_shift.mlg:18:11
SHARP "#" testdata/fib_shift.mlg:19:3
LEFTPAREN "(" testdata/fib_shift.mlg:19:4
IDENT "s" testdata/fib_shift.mlg:19:5
DOT "." testdata/fib_shift.mlg:19:6
IDENT "head" testdata/fib_shift.mlg:19:7
RIGHTPAREN ")" testdata/fib_shift.mlg:19:11
ARROW "->" testdata/fib_shift.mlg:19:13
IDENT "s" testdata/fib_shift.mlg:19:16
DOT "." testdata/fib_shift.mlg:19:17
IDENT "tail" testdata/fib_shift.mlg:19:18
DOT "." testdata/fib_shift.mlg:19:22
IDENT "head" testdata/fib_shift.mlg:19:23
COMMA "," testdata/fib_shift.mlg:19:27
SHARP "#" testdata/fib_shift.mlg:20:3
LEFTPAREN "(" testdata/fib_shift.mlg:20:4
IDENT "s" testdata/fib_shift.mlg:20:5
DOT "." testdata/fib_shift.mlg:20:6
IDENT "tail" testdata/fib_shift.mlg:20:7
RIGHTPAREN ")" testdata/fib_shift.mlg:20:11
ARROW "->" testdata/fib_shift.mlg:20:13
IDENT "s" testdata/fib_shift.mlg:20:16
DOT "." testdata/fib_shift.mlg:20:17
IDENT "tail" testdata/fib_shift.mlg:20:18
DOT "." testdata/fib_shift.mlg:20:22
IDENT "tail" testdata/fib_shift.mlg:20:23
COMMA "," testdata/fib_shift.mlg:20:27
RIGHTBRACE "}" testdata/fib_shift.mlg:21:1
DEF "def" testdata/fib_shift.mlg:23:1
IDENT "main" testdata/fib_shift.mlg:23:5
LEFTBRACE "{" testdata/fib_shift.mlg:23:10
SHARP "#" testdata/fib_shift.mlg:23:12
LEFTPAREN "(" testdata/fib_shift.mlg:23:13
RIGHTPAREN ")" testdata/fib_shift.mlg:23:14
ARROW "->" testdata/fib_shift.mlg:23:16
PRIM "prim" testdata/fib_shift.mlg:23:19
LEFTPAREN "(" testdata/fib_shift.mlg:23:23
IDENT "print" testdata/fib_shift.mlg:23:24
COMMA "," testdata/fib_shift.mlg:23:29
IDENT "shift" testdata/fib_shift.mlg:23:31
LEFTPAREN "(" testdata/fib_shift.mlg:23:36
IDENT "shift" testdata/fib_shift.mlg:23:37
LEFTPAREN "(" testdata/fib_shift.mlg:23:42
IDENT "shift" testdata/fib_shift.mlg:23:43
LEFTPAREN "(" testdata/fib_shift.mlg:23:48
IDENT "fib" testdata/fib_shift.mlg:23:49
DOT "." testdata/fib_shift.mlg:23:52
IDENT "head" testdata/fib_shift.mlg:23:53
RIGHTPAREN ")" testdata/fib_shift.mlg:23:57
RIGHTPAREN ")" testdata/fib_shift.mlg:23:58
RIGHTPAREN ")" testdata/fib_shift.mlg:23:59
RIGHTPAREN ")" testdata/fib_shift.mlg:23:60
RIGHTBRACE "}" testdata/fib_shift.mlg:23:62
EOF "" testdata/fib_shift.mlg:23:63
