(def main (codata (clause (call #) (seq (call (call (codata (clause (call (call #) (var cont)) (seq (call (var cont) (literal 1) (literal 2)))))) (codata (clause (call # (var x) (var y)) (seq (prim print (tuple (var x) (var y)))))))))))
