(def read_all_cps.0 (lambda () (lambda (:p1.4) (case ((var :p1.4)) (clause (var cont.5) (seq (prim read_all_cps (var cont.5))))))))
(def print_cps.1 (lambda (:p1.6) (lambda (:p2.7) (case ((var :p1.6) (var :p2.7)) (clause ((var s.8) (var cont.9)) (seq (prim print_cps (var s.8) (var cont.9))))))))
(def exit.2 (lambda () (seq (prim exit))))
(def main.3 (lambda () (seq (call (call (var read_all_cps.0)) (lambda (:p1.10) (case ((var :p1.10)) (clause (var s.11) (seq (call (call (var print_cps.1) (var s.11)) (lambda () (seq (call (var exit.2)))))))))))))
