INFIXL "infixl" ../testdata/infix.mlg:1:1
INTEGER "6" ../testdata/infix.mlg:1:8
OPERATOR "+" ../testdata/infix.mlg:1:10
INFIXL "infixl" ../testdata/infix.mlg:2:1
INTEGER "8" ../testdata/infix.mlg:2:8
OPERATOR "*" ../testdata/infix.mlg:2:10
DEF "def" ../testdata/infix.mlg:3:1
OPERATOR "+" ../testdata/infix.mlg:3:5
EQUAL "=" ../testdata/infix.mlg:3:7
LEFTBRACE "{" ../testdata/infix.mlg:3:9
LEFTPAREN "(" ../testdata/infix.mlg:3:11
IDENT "x" ../testdata/infix.mlg:3:12
COMMA "," ../testdata/infix.mlg:3:13
IDENT "y" ../testdata/infix.mlg:3:15
RIGHTPAREN ")" ../testdata/infix.mlg:3:16
ARROW "->" ../testdata/infix.mlg:3:18
PRIM "prim" ../testdata/infix.mlg:3:21
LEFTPAREN "(" ../testdata/infix.mlg:3:25
IDENT "add" ../testdata/infix.mlg:3:26
COMMA "," ../testdata/infix.mlg:3:29
IDENT "x" ../testdata/infix.mlg:3:31
COMMA "," ../testdata/infix.mlg:3:32
IDENT "y" ../testdata/infix.mlg:3:34
RIGHTPAREN ")" ../testdata/infix.mlg:3:35
RIGHTBRACE "}" ../testdata/infix.mlg:3:37
DEF "def" ../testdata/infix.mlg:4:1
OPERATOR "*" ../testdata/infix.mlg:4:5
EQUAL "=" ../testdata/infix.mlg:4:7
LEFTBRACE "{" ../testdata/infix.mlg:4:9
LEFTPAREN "(" ../testdata/infix.mlg:4:11
IDENT "x" ../testdata/infix.mlg:4:12
COMMA "," ../testdata/infix.mlg:4:13
IDENT "y" ../testdata/infix.mlg:4:15
RIGHTPAREN ")" ../testdata/infix.mlg:4:16
ARROW "->" ../testdata/infix.mlg:4:18
PRIM "prim" ../testdata/infix.mlg:4:21
LEFTPAREN "(" ../testdata/infix.mlg:4:25
IDENT "mul" ../testdata/infix.mlg:4:26
COMMA "," ../testdata/infix.mlg:4:29
IDENT "x" ../testdata/infix.mlg:4:31
COMMA "," ../testdata/infix.mlg:4:32
IDENT "y" ../testdata/infix.mlg:4:34
RIGHTPAREN ")" ../testdata/infix.mlg:4:35
RIGHTBRACE "}" ../testdata/infix.mlg:4:37
DEF "def" ../testdata/infix.mlg:5:1
IDENT "main" ../testdata/infix.mlg:5:5
EQUAL "=" ../testdata/infix.mlg:5:10
LEFTBRACE "{" ../testdata/infix.mlg:5:12
INTEGER "1" ../testdata/infix.mlg:5:14
OPERATOR "+" ../testdata/infix.mlg:5:16
INTEGER "2" ../testdata/infix.mlg:5:18
OPERATOR "*" ../testdata/infix.mlg:5:20
INTEGER "3" ../testdata/infix.mlg:5:22
RIGHTBRACE "}" ../testdata/infix.mlg:5:24
EOF "" ../testdata/infix.mlg:5:25
