Codata "test.mlg" (line 1, column 3) (Clause {pattern = PApp (PThis "test.mlg" (line 1, column 3)) (PVar "test.mlg" (line 1, column 5) (Id {name = "x", uniq = 0}) :| [PVar "test.mlg" (line 1, column 7) (Id {name = "y", uniq = 1})]), body = Var "test.mlg" (line 1, column 12) (Id {name = "x", uniq = 0})} :| [])