(def zipWith (lambda (:p1) (lambda (:p2) (lambda (:p3) (object (field head (case ((var :p1) (var :p2) (var :p3)) (clause ((var f) (var xs) (var ys)) (seq (call (call (var f) (access (var xs) head)) (access (var ys) head)))))) (field tail (case ((var :p1) (var :p2) (var :p3)) (clause ((var f) (var xs) (var ys)) (seq (call (call (call (var zipWith) (var f)) (access (var xs) tail)) (access (var ys) tail)))))))))))
(def + (lambda (:p1) (lambda (:p2) (case ((var :p1) (var :p2)) (clause ((var x) (var y)) (seq (prim add (var x) (var y))))))))
(def fib (object (field head (seq (literal 1))) (field tail (object (field head (seq (literal 1))) (field tail (seq (call (call (call (var zipWith) (lambda (:p1) (lambda (:p2) (case ((var :p1) (var :p2)) (clause ((var x) (var y)) (seq (call (call (var +) (var x)) (var y)))))))) (var fib)) (access (var fib) tail))))))))
(def shift (lambda (:p1) (case ((var :p1)) (clause (access (var s) head) (seq (access (access (var s) tail) head))) (clause (access (var s) tail) (seq (access (access (var s) tail) tail))))))
(def main (lambda () (seq (prim print (call (var shift) (call (var shift) (call (var shift) (access (var fib) head))))))))
